    Hinst Name                       Module Name                     Inst Count           Total Area
-------------------------------------------------------------------------------------------------
carry_increment_32bits                                                      388             3223.091
  RCA1                               ripple_carry_adder_WIDTH4               26              177.670
    RCA1/F1A                         full_adder                               7               46.294
    RCA1/full_adder_loop[1].FA       full_adder_91                            8               45.043
    RCA1/full_adder_loop[2].FA       full_adder_90                            6               40.038
    RCA1/full_adder_loop[3].FA       full_adder_89                            5               46.294
  RCAS[1].RCA2                       ripple_carry_adder_WIDTH4_7_98          24              187.680
    RCAS[1].RCA2/F1A                 full_adder_24_93                         4               20.019
    RCAS[1].RCA2/full_adder_loop[1].FA full_adder_88                            7               67.565
    RCAS[1].RCA2/full_adder_loop[2].FA full_adder_87                            8               58.806
    RCAS[1].RCA2/full_adder_loop[3].FA full_adder_86                            5               41.290
  RCAS[2].RCA2                       ripple_carry_adder_WIDTH4_7_99          24              176.419
    RCAS[2].RCA2/F1A                 full_adder_24_94                         5               23.773
    RCAS[2].RCA2/full_adder_loop[1].FA full_adder_85                            7               48.797
    RCAS[2].RCA2/full_adder_loop[2].FA full_adder_84                            7               60.058
    RCAS[2].RCA2/full_adder_loop[3].FA full_adder_83                            5               43.792
  RCAS[3].RCA2                       ripple_carry_adder_WIDTH4_7_100         24              221.462
    RCAS[3].RCA2/F1A                 full_adder_24_95                         4               25.024
    RCAS[3].RCA2/full_adder_loop[1].FA full_adder_82                            7               43.792
    RCAS[3].RCA2/full_adder_loop[2].FA full_adder_81                            7               86.333
    RCAS[3].RCA2/full_adder_loop[3].FA full_adder_80                            6               66.314
  RCAS[4].RCA2                       ripple_carry_adder_WIDTH4_7_101         28              206.448
    RCAS[4].RCA2/F1A                 full_adder_24_96                         4               22.522
    RCAS[4].RCA2/full_adder_loop[1].FA full_adder_79                            8               51.299
    RCAS[4].RCA2/full_adder_loop[2].FA full_adder_78                            7               65.062
    RCAS[4].RCA2/full_adder_loop[3].FA full_adder_77                            9               67.565
  RCAS[5].RCA2                       ripple_carry_adder_WIDTH4_7_102         28              269.008
    RCAS[5].RCA2/F1A                 full_adder_24_97                         5               36.285
    RCAS[5].RCA2/full_adder_loop[1].FA full_adder_76                            8               87.584
    RCAS[5].RCA2/full_adder_loop[2].FA full_adder_75                            7               77.574
    RCAS[5].RCA2/full_adder_loop[3].FA full_adder_74                            8               67.565
  RCAS[6].RCA2                       ripple_carry_adder_WIDTH4_7_103         23              200.192
    RCAS[6].RCA2/F1A                 full_adder_24                            5               26.275
    RCAS[6].RCA2/full_adder_loop[1].FA full_adder_73                            7               83.830
    RCAS[6].RCA2/full_adder_loop[2].FA full_adder_72                            7               51.299
    RCAS[6].RCA2/full_adder_loop[3].FA full_adder_71                            4               38.787
  RCAS[7].RCA2                       ripple_carry_adder_WIDTH4_7              9              142.637
    RCAS[7].RCA2/F1A                 full_adder_24_92                         1               25.024
    RCAS[7].RCA2/full_adder_loop[1].FA full_adder_70                            5               48.797
    RCAS[7].RCA2/full_adder_loop[2].FA full_adder_69                            1               33.782
    RCAS[7].RCA2/full_adder_loop[3].FA full_adder_68                            2               35.034
