    Hinst Name                               Module Name                     Inst Count           Total Area
---------------------------------------------------------------------------------------------------------
carry_select_adder_56678_32bits                                                     469             3567.171
  CSA_BLOCKS[1].RCA_C0                       ripple_carry_adder_WIDTH6               39              261.501
    CSA_BLOCKS[1].RCA_C0/F1A                 full_adder_32_230                        2               17.517
    CSA_BLOCKS[1].RCA_C0/full_adder_loop[1].FA full_adder_224                           8               52.550
    CSA_BLOCKS[1].RCA_C0/full_adder_loop[2].FA full_adder_223                           8               45.043
    CSA_BLOCKS[1].RCA_C0/full_adder_loop[3].FA full_adder_222                           6               45.043
    CSA_BLOCKS[1].RCA_C0/full_adder_loop[4].FA full_adder_221                           6               45.043
    CSA_BLOCKS[1].RCA_C0/full_adder_loop[5].FA full_adder_220                           6               45.043
  CSA_BLOCKS[1].RCA_C1                       ripple_carry_adder_WIDTH6_3_234         38              262.752
    CSA_BLOCKS[1].RCA_C1/F1A                 full_adder_38_231                        4               25.024
    CSA_BLOCKS[1].RCA_C1/full_adder_loop[1].FA full_adder_206                           8               57.555
    CSA_BLOCKS[1].RCA_C1/full_adder_loop[2].FA full_adder_205                           8               47.546
    CSA_BLOCKS[1].RCA_C1/full_adder_loop[3].FA full_adder_204                           6               42.541
    CSA_BLOCKS[1].RCA_C1/full_adder_loop[4].FA full_adder_203                           6               45.043
    CSA_BLOCKS[1].RCA_C1/full_adder_loop[5].FA full_adder_202                           6               45.043
  CSA_BLOCKS[2].RCA_C0                       ripple_carry_adder_WIDTH6_233           38              242.733
    CSA_BLOCKS[2].RCA_C0/F1A                 full_adder_32                            4               22.522
    CSA_BLOCKS[2].RCA_C0/full_adder_loop[1].FA full_adder_201                           8               50.048
    CSA_BLOCKS[2].RCA_C0/full_adder_loop[2].FA full_adder_200                           8               45.043
    CSA_BLOCKS[2].RCA_C0/full_adder_loop[3].FA full_adder_199                           6               40.038
    CSA_BLOCKS[2].RCA_C0/full_adder_loop[4].FA full_adder_198                           6               40.038
    CSA_BLOCKS[2].RCA_C0/full_adder_loop[5].FA full_adder_197                           6               45.043
  CSA_BLOCKS[2].RCA_C1                       ripple_carry_adder_WIDTH6_3             38              251.491
    CSA_BLOCKS[2].RCA_C1/F1A                 full_adder_38                            4               31.280
    CSA_BLOCKS[2].RCA_C1/full_adder_loop[1].FA full_adder_196                           8               47.546
    CSA_BLOCKS[2].RCA_C1/full_adder_loop[2].FA full_adder_195                           8               45.043
    CSA_BLOCKS[2].RCA_C1/full_adder_loop[3].FA full_adder_194                           6               40.038
    CSA_BLOCKS[2].RCA_C1/full_adder_loop[4].FA full_adder_193                           6               45.043
    CSA_BLOCKS[2].RCA_C1/full_adder_loop[5].FA full_adder_192                           6               42.541
  CSA_BLOCKS[3].RCA_C0                       ripple_carry_adder_WIDTH7               43              380.365
    CSA_BLOCKS[3].RCA_C0/F1A                 full_adder_11                            4               26.275
    CSA_BLOCKS[3].RCA_C0/full_adder_loop[1].FA full_adder_219                           7               77.574
    CSA_BLOCKS[3].RCA_C0/full_adder_loop[2].FA full_adder_218                           8               57.555
    CSA_BLOCKS[3].RCA_C0/full_adder_loop[3].FA full_adder_217                           6               52.550
    CSA_BLOCKS[3].RCA_C0/full_adder_loop[4].FA full_adder_216                           6               55.053
    CSA_BLOCKS[3].RCA_C0/full_adder_loop[5].FA full_adder_215                           6               55.053
    CSA_BLOCKS[3].RCA_C0/full_adder_loop[6].FA full_adder_214                           6               56.304
  CSA_BLOCKS[3].RCA_C1                       ripple_carry_adder_WIDTH7_1             44              379.114
    CSA_BLOCKS[3].RCA_C1/F1A                 full_adder_51_232                        4               25.024
    CSA_BLOCKS[3].RCA_C1/full_adder_loop[1].FA full_adder_191                           8               53.802
    CSA_BLOCKS[3].RCA_C1/full_adder_loop[2].FA full_adder_190                           8               65.062
    CSA_BLOCKS[3].RCA_C1/full_adder_loop[3].FA full_adder_189                           6               55.053
    CSA_BLOCKS[3].RCA_C1/full_adder_loop[4].FA full_adder_188                           6               60.058
    CSA_BLOCKS[3].RCA_C1/full_adder_loop[5].FA full_adder_187                           6               60.058
    CSA_BLOCKS[3].RCA_C1/full_adder_loop[6].FA full_adder_186                           6               60.058
  CSA_BLOCKS[4].RCA_C0                       ripple_carry_adder_WIDTH8               50              312.800
    CSA_BLOCKS[4].RCA_C0/F1A                 full_adder_11_229                        4               20.019
    CSA_BLOCKS[4].RCA_C0/full_adder_loop[1].FA full_adder_213                           8               42.541
    CSA_BLOCKS[4].RCA_C0/full_adder_loop[2].FA full_adder_212                           8               42.541
    CSA_BLOCKS[4].RCA_C0/full_adder_loop[3].FA full_adder_211                           6               37.536
    CSA_BLOCKS[4].RCA_C0/full_adder_loop[4].FA full_adder_210                           6               37.536
    CSA_BLOCKS[4].RCA_C0/full_adder_loop[5].FA full_adder_209                           6               40.038
    CSA_BLOCKS[4].RCA_C0/full_adder_loop[6].FA full_adder_208                           6               45.043
    CSA_BLOCKS[4].RCA_C0/full_adder_loop[7].FA full_adder_207                           6               47.546
  CSA_BLOCKS[4].RCA_C1                       ripple_carry_adder_WIDTH8_1             46              290.278
    CSA_BLOCKS[4].RCA_C1/F1A                 full_adder_51                            4               20.019
    CSA_BLOCKS[4].RCA_C1/full_adder_loop[1].FA full_adder_185                           8               40.038
    CSA_BLOCKS[4].RCA_C1/full_adder_loop[2].FA full_adder_184                           6               37.536
    CSA_BLOCKS[4].RCA_C1/full_adder_loop[3].FA full_adder_183                           6               40.038
    CSA_BLOCKS[4].RCA_C1/full_adder_loop[4].FA full_adder_182                           6               37.536
    CSA_BLOCKS[4].RCA_C1/full_adder_loop[5].FA full_adder_181                           6               35.034
    CSA_BLOCKS[4].RCA_C1/full_adder_loop[6].FA full_adder_180                           5               37.536
    CSA_BLOCKS[4].RCA_C1/full_adder_loop[7].FA full_adder_179                           5               42.541
  RCA_LSB                                    ripple_carry_adder_WIDTH5               33              269.008
    RCA_LSB/F1A                              full_adder                               6               61.309
    RCA_LSB/full_adder_loop[1].FA            full_adder_228                           8               45.043
    RCA_LSB/full_adder_loop[2].FA            full_adder_227                           5               42.541
    RCA_LSB/full_adder_loop[3].FA            full_adder_226                           5               47.546
    RCA_LSB/full_adder_loop[4].FA            full_adder_225                           5               57.555
