    Hinst Name                               Module Name                     Inst Count           Total Area
---------------------------------------------------------------------------------------------------------
carry_select_adder_66668_32bits                                                     437             2964.093
  CSA_BLOCKS[1].RCA_C0                       ripple_carry_adder_WIDTH6_5_235         38              215.206
    CSA_BLOCKS[1].RCA_C0/F1A                 full_adder_26_232                        4               20.019
    CSA_BLOCKS[1].RCA_C0/full_adder_loop[1].FA full_adder_218                           8               40.038
    CSA_BLOCKS[1].RCA_C0/full_adder_loop[2].FA full_adder_217                           8               40.038
    CSA_BLOCKS[1].RCA_C0/full_adder_loop[3].FA full_adder_216                           6               35.034
    CSA_BLOCKS[1].RCA_C0/full_adder_loop[4].FA full_adder_215                           6               40.038
    CSA_BLOCKS[1].RCA_C0/full_adder_loop[5].FA full_adder_214                           6               40.038
  CSA_BLOCKS[1].RCA_C1                       ripple_carry_adder_WIDTH6_6_237         36              220.211
    CSA_BLOCKS[1].RCA_C1/F1A                 full_adder_32_234                        4               25.024
    CSA_BLOCKS[1].RCA_C1/full_adder_loop[1].FA full_adder_213                           8               40.038
    CSA_BLOCKS[1].RCA_C1/full_adder_loop[2].FA full_adder_212                           6               40.038
    CSA_BLOCKS[1].RCA_C1/full_adder_loop[3].FA full_adder_211                           6               40.038
    CSA_BLOCKS[1].RCA_C1/full_adder_loop[4].FA full_adder_210                           6               40.038
    CSA_BLOCKS[1].RCA_C1/full_adder_loop[5].FA full_adder_209                           6               35.034
  CSA_BLOCKS[2].RCA_C0                       ripple_carry_adder_WIDTH6_5_236         36              230.221
    CSA_BLOCKS[2].RCA_C0/F1A                 full_adder_26                            2               17.517
    CSA_BLOCKS[2].RCA_C0/full_adder_loop[1].FA full_adder_208                           8               45.043
    CSA_BLOCKS[2].RCA_C0/full_adder_loop[2].FA full_adder_207                           6               40.038
    CSA_BLOCKS[2].RCA_C0/full_adder_loop[3].FA full_adder_206                           6               40.038
    CSA_BLOCKS[2].RCA_C0/full_adder_loop[4].FA full_adder_205                           6               40.038
    CSA_BLOCKS[2].RCA_C0/full_adder_loop[5].FA full_adder_204                           6               40.038
  CSA_BLOCKS[2].RCA_C1                       ripple_carry_adder_WIDTH6_6_238         37              216.458
    CSA_BLOCKS[2].RCA_C1/F1A                 full_adder_32                            3               16.266
    CSA_BLOCKS[2].RCA_C1/full_adder_loop[1].FA full_adder_203                           8               40.038
    CSA_BLOCKS[2].RCA_C1/full_adder_loop[2].FA full_adder_202                           8               42.541
    CSA_BLOCKS[2].RCA_C1/full_adder_loop[3].FA full_adder_201                           6               40.038
    CSA_BLOCKS[2].RCA_C1/full_adder_loop[4].FA full_adder_200                           6               40.038
    CSA_BLOCKS[2].RCA_C1/full_adder_loop[5].FA full_adder_199                           6               37.536
  CSA_BLOCKS[3].RCA_C0                       ripple_carry_adder_WIDTH6_5             38              227.718
    CSA_BLOCKS[3].RCA_C0/F1A                 full_adder_26_231                        4               20.019
    CSA_BLOCKS[3].RCA_C0/full_adder_loop[1].FA full_adder_198                           8               45.043
    CSA_BLOCKS[3].RCA_C0/full_adder_loop[2].FA full_adder_197                           8               45.043
    CSA_BLOCKS[3].RCA_C0/full_adder_loop[3].FA full_adder_196                           6               40.038
    CSA_BLOCKS[3].RCA_C0/full_adder_loop[4].FA full_adder_195                           6               40.038
    CSA_BLOCKS[3].RCA_C0/full_adder_loop[5].FA full_adder_194                           6               37.536
  CSA_BLOCKS[3].RCA_C1                       ripple_carry_adder_WIDTH6_6             38              220.211
    CSA_BLOCKS[3].RCA_C1/F1A                 full_adder_32_233                        4               20.019
    CSA_BLOCKS[3].RCA_C1/full_adder_loop[1].FA full_adder_193                           8               40.038
    CSA_BLOCKS[3].RCA_C1/full_adder_loop[2].FA full_adder_192                           8               45.043
    CSA_BLOCKS[3].RCA_C1/full_adder_loop[3].FA full_adder_191                           6               40.038
    CSA_BLOCKS[3].RCA_C1/full_adder_loop[4].FA full_adder_190                           6               40.038
    CSA_BLOCKS[3].RCA_C1/full_adder_loop[5].FA full_adder_189                           6               35.034
  CSA_BLOCKS[4].RCA_C0                       ripple_carry_adder_WIDTH8               45              274.013
    CSA_BLOCKS[4].RCA_C0/F1A                 full_adder_6                             4               22.522
    CSA_BLOCKS[4].RCA_C0/full_adder_loop[1].FA full_adder_225                           8               40.038
    CSA_BLOCKS[4].RCA_C0/full_adder_loop[2].FA full_adder_224                           5               30.029
    CSA_BLOCKS[4].RCA_C0/full_adder_loop[3].FA full_adder_223                           6               35.034
    CSA_BLOCKS[4].RCA_C0/full_adder_loop[4].FA full_adder_222                           6               35.034
    CSA_BLOCKS[4].RCA_C0/full_adder_loop[5].FA full_adder_221                           6               35.034
    CSA_BLOCKS[4].RCA_C0/full_adder_loop[6].FA full_adder_220                           5               40.038
    CSA_BLOCKS[4].RCA_C0/full_adder_loop[7].FA full_adder_219                           5               36.285
  CSA_BLOCKS[4].RCA_C1                       ripple_carry_adder_WIDTH8_1             42              276.515
    CSA_BLOCKS[4].RCA_C1/F1A                 full_adder_50                            4               20.019
    CSA_BLOCKS[4].RCA_C1/full_adder_loop[1].FA full_adder_188                           8               40.038
    CSA_BLOCKS[4].RCA_C1/full_adder_loop[2].FA full_adder_187                           6               35.034
    CSA_BLOCKS[4].RCA_C1/full_adder_loop[3].FA full_adder_186                           6               35.034
    CSA_BLOCKS[4].RCA_C1/full_adder_loop[4].FA full_adder_185                           6               35.034
    CSA_BLOCKS[4].RCA_C1/full_adder_loop[5].FA full_adder_184                           6               40.038
    CSA_BLOCKS[4].RCA_C1/full_adder_loop[6].FA full_adder_183                           5               37.536
    CSA_BLOCKS[4].RCA_C1/full_adder_loop[7].FA full_adder_182                           1               33.782
  RCA_LSB                                    ripple_carry_adder_WIDTH6               38              386.621
    RCA_LSB/F1A                              full_adder                               5               48.797
    RCA_LSB/full_adder_loop[1].FA            full_adder_230                           8               62.560
    RCA_LSB/full_adder_loop[2].FA            full_adder_229                           8               65.062
    RCA_LSB/full_adder_loop[3].FA            full_adder_228                           6               68.816
    RCA_LSB/full_adder_loop[4].FA            full_adder_227                           5               62.560
    RCA_LSB/full_adder_loop[5].FA            full_adder_226                           5               75.072
