Hinst Name               Module Name          Inst Count           Total Area               Buffer             Inverter        Combinational                 Flop                Latch           Clock Gate                Macro             Physical
--------------------------------------------------------------------------------------------------------------------------------------------------------------------------------------------------------------------------------------------------------------
ripple_carry_adder_8bits                             142              888.352                8.758               62.560              480.461                0.000                0.000                0.000                0.000              336.573
  F1A                    full_adder                    8               73.821                0.000               23.773               50.048                0.000                0.000                0.000                0.000                0.000
  full_adder_loop[1].FA  full_adder_21                 7               58.806                0.000               10.010               48.797                0.000                0.000                0.000                0.000                0.000
  full_adder_loop[2].FA  full_adder_20                 5               52.550                0.000                0.000               52.550                0.000                0.000                0.000                0.000                0.000
  full_adder_loop[3].FA  full_adder_19                 5               66.314                0.000                0.000               66.314                0.000                0.000                0.000                0.000                0.000
  full_adder_loop[4].FA  full_adder_18                 5               67.565                0.000                0.000               67.565                0.000                0.000                0.000                0.000                0.000
  full_adder_loop[5].FA  full_adder_17                 5               67.565                0.000                0.000               67.565                0.000                0.000                0.000                0.000                0.000
  full_adder_loop[6].FA  full_adder_16                10               81.328                0.000                8.758               72.570                0.000                0.000                0.000                0.000                0.000
  full_adder_loop[7].FA  full_adder_15                10               63.811                0.000                8.758               55.053                0.000                0.000                0.000                0.000                0.000
