Hinst Name                           Module Name                     Inst Count           Total Area               Buffer             Inverter        Combinational                 Flop                Latch           Clock Gate                Macro             Physical
-------------------------------------------------------------------------------------------------------------------------------------------------------------------------------------------------------------------------------------------------------------------------------------
carry_increment_32bits                                                      857             4594.406                3.754              342.829             2646.288                0.000                0.000                0.000                0.000             1601.536
  RCA1                               ripple_carry_adder_WIDTH4               23              190.182                0.000                7.507              182.675                0.000                0.000                0.000                0.000                0.000
    RCA1/F1A                         full_adder                               4               53.802                0.000                0.000               53.802                0.000                0.000                0.000                0.000                0.000
    RCA1/full_adder_loop[1].FA       full_adder_91                            8               45.043                0.000                7.507               37.536                0.000                0.000                0.000                0.000                0.000
    RCA1/full_adder_loop[2].FA       full_adder_90                            6               40.038                0.000                0.000               40.038                0.000                0.000                0.000                0.000                0.000
    RCA1/full_adder_loop[3].FA       full_adder_89                            5               51.299                0.000                0.000               51.299                0.000                0.000                0.000                0.000                0.000
  RCAS[1].RCA2                       ripple_carry_adder_WIDTH4_7_98          30              188.931                0.000               43.792              145.139                0.000                0.000                0.000                0.000                0.000
    RCAS[1].RCA2/F1A                 full_adder_24_93                         5               23.773                0.000                7.507               16.266                0.000                0.000                0.000                0.000                0.000
    RCAS[1].RCA2/full_adder_loop[1].FA full_adder_88                            8               61.309                0.000               21.270               40.038                0.000                0.000                0.000                0.000                0.000
    RCAS[1].RCA2/full_adder_loop[2].FA full_adder_87                            8               51.299                0.000                7.507               43.792                0.000                0.000                0.000                0.000                0.000
    RCAS[1].RCA2/full_adder_loop[3].FA full_adder_86                            9               52.550                0.000                7.507               45.043                0.000                0.000                0.000                0.000                0.000
  RCAS[2].RCA2                       ripple_carry_adder_WIDTH4_7_99          27              148.893                0.000               22.522              126.371                0.000                0.000                0.000                0.000                0.000
    RCAS[2].RCA2/F1A                 full_adder_24_94                         4               18.768                0.000                7.507               11.261                0.000                0.000                0.000                0.000                0.000
    RCAS[2].RCA2/full_adder_loop[1].FA full_adder_85                            8               45.043                0.000                7.507               37.536                0.000                0.000                0.000                0.000                0.000
    RCAS[2].RCA2/full_adder_loop[2].FA full_adder_84                            6               37.536                0.000                0.000               37.536                0.000                0.000                0.000                0.000                0.000
    RCAS[2].RCA2/full_adder_loop[3].FA full_adder_83                            9               47.546                0.000                7.507               40.038                0.000                0.000                0.000                0.000                0.000
  RCAS[3].RCA2                       ripple_carry_adder_WIDTH4_7_100         26              207.699                0.000               20.019              187.680                0.000                0.000                0.000                0.000                0.000
    RCAS[3].RCA2/F1A                 full_adder_24_95                         4               23.773                0.000                7.507               16.266                0.000                0.000                0.000                0.000                0.000
    RCAS[3].RCA2/full_adder_loop[1].FA full_adder_82                           10               63.811                0.000               12.512               51.299                0.000                0.000                0.000                0.000                0.000
    RCAS[3].RCA2/full_adder_loop[2].FA full_adder_81                            6               48.797                0.000                0.000               48.797                0.000                0.000                0.000                0.000                0.000
    RCAS[3].RCA2/full_adder_loop[3].FA full_adder_80                            6               71.318                0.000                0.000               71.318                0.000                0.000                0.000                0.000                0.000
  RCAS[4].RCA2                       ripple_carry_adder_WIDTH4_7_101         27              216.458                0.000               31.280              185.178                0.000                0.000                0.000                0.000                0.000
    RCAS[4].RCA2/F1A                 full_adder_24_96                         4               27.526                0.000               12.512               15.014                0.000                0.000                0.000                0.000                0.000
    RCAS[4].RCA2/full_adder_loop[1].FA full_adder_79                            7               67.565                0.000                7.507               60.058                0.000                0.000                0.000                0.000                0.000
    RCAS[4].RCA2/full_adder_loop[2].FA full_adder_78                            8               63.811                0.000                7.507               56.304                0.000                0.000                0.000                0.000                0.000
    RCAS[4].RCA2/full_adder_loop[3].FA full_adder_77                            8               57.555                0.000                3.754               53.802                0.000                0.000                0.000                0.000                0.000
  RCAS[5].RCA2                       ripple_carry_adder_WIDTH4_7_102         27              241.482                0.000               32.531              208.950                0.000                0.000                0.000                0.000                0.000
    RCAS[5].RCA2/F1A                 full_adder_24_97                         5               31.280                0.000               12.512               18.768                0.000                0.000                0.000                0.000                0.000
    RCAS[5].RCA2/full_adder_loop[1].FA full_adder_76                            8               65.062                0.000               12.512               52.550                0.000                0.000                0.000                0.000                0.000
    RCAS[5].RCA2/full_adder_loop[2].FA full_adder_75                            8               83.830                0.000                7.507               76.323                0.000                0.000                0.000                0.000                0.000
    RCAS[5].RCA2/full_adder_loop[3].FA full_adder_74                            6               61.309                0.000                0.000               61.309                0.000                0.000                0.000                0.000                0.000
  RCAS[6].RCA2                       ripple_carry_adder_WIDTH4_7_103         24              208.950                0.000               36.285              172.666                0.000                0.000                0.000                0.000                0.000
    RCAS[6].RCA2/F1A                 full_adder_24                            3               26.275                0.000               11.261               15.014                0.000                0.000                0.000                0.000                0.000
    RCAS[6].RCA2/full_adder_loop[1].FA full_adder_73                            8               70.067                0.000               17.517               52.550                0.000                0.000                0.000                0.000                0.000
    RCAS[6].RCA2/full_adder_loop[2].FA full_adder_72                            8               71.318                0.000                7.507               63.811                0.000                0.000                0.000                0.000                0.000
    RCAS[6].RCA2/full_adder_loop[3].FA full_adder_71                            5               41.290                0.000                0.000               41.290                0.000                0.000                0.000                0.000                0.000
  RCAS[7].RCA2                       ripple_carry_adder_WIDTH4_7             10              112.608                0.000                7.507              105.101                0.000                0.000                0.000                0.000                0.000
    RCAS[7].RCA2/F1A                 full_adder_24_92                         2               13.763                0.000                0.000               13.763                0.000                0.000                0.000                0.000                0.000
    RCAS[7].RCA2/full_adder_loop[1].FA full_adder_70                            6               45.043                0.000                7.507               37.536                0.000                0.000                0.000                0.000                0.000
    RCAS[7].RCA2/full_adder_loop[2].FA full_adder_69                            1               20.019                0.000                0.000               20.019                0.000                0.000                0.000                0.000                0.000
    RCAS[7].RCA2/full_adder_loop[3].FA full_adder_68                            1               33.782                0.000                0.000               33.782                0.000                0.000                0.000                0.000                0.000
