Hinst Name                Module Name          Inst Count           Total Area               Buffer             Inverter        Combinational                 Flop                Latch           Clock Gate                Macro             Physical
---------------------------------------------------------------------------------------------------------------------------------------------------------------------------------------------------------------------------------------------------------------
carry_bypass8_32bits                                  592             4444.262               87.584               62.560             2551.197                0.000                0.000                0.000                0.000             1742.922
  BPS1                    bypass8                      72              674.397               18.768               43.792              611.837                0.000                0.000                0.000                0.000                0.000
    BPS1/FA1              full_adder                    5               87.584                0.000               16.266               71.318                0.000                0.000                0.000                0.000                0.000
    BPS1/FA2              full_adder_96                 9               65.062                0.000               16.266               48.797                0.000                0.000                0.000                0.000                0.000
    BPS1/FA3              full_adder_95                 8               65.062                0.000                7.507               57.555                0.000                0.000                0.000                0.000                0.000
    BPS1/FA4              full_adder_94                 6               57.555                0.000                0.000               57.555                0.000                0.000                0.000                0.000                0.000
    BPS1/FA5              full_adder_93                 6               60.058                0.000                0.000               60.058                0.000                0.000                0.000                0.000                0.000
    BPS1/FA6              full_adder_92                 6               60.058                0.000                0.000               60.058                0.000                0.000                0.000                0.000                0.000
    BPS1/FA7              full_adder_91                 6               60.058                0.000                0.000               60.058                0.000                0.000                0.000                0.000                0.000
    BPS1/FA8              full_adder_90                 6               60.058                0.000                0.000               60.058                0.000                0.000                0.000                0.000                0.000
  bypass_loop[1].BPS2     bypass8_7                    68              635.610               22.522                0.000              613.088                0.000                0.000                0.000                0.000                0.000
    bypass_loop[1].BPS2/FA1 full_adder_89                 7               63.811                3.754                0.000               60.058                0.000                0.000                0.000                0.000                0.000
    bypass_loop[1].BPS2/FA2 full_adder_88                 6               60.058                0.000                0.000               60.058                0.000                0.000                0.000                0.000                0.000
    bypass_loop[1].BPS2/FA3 full_adder_87                 6               60.058                0.000                0.000               60.058                0.000                0.000                0.000                0.000                0.000
    bypass_loop[1].BPS2/FA4 full_adder_86                 6               60.058                0.000                0.000               60.058                0.000                0.000                0.000                0.000                0.000
    bypass_loop[1].BPS2/FA5 full_adder_85                 6               60.058                0.000                0.000               60.058                0.000                0.000                0.000                0.000                0.000
    bypass_loop[1].BPS2/FA6 full_adder_84                 6               60.058                0.000                0.000               60.058                0.000                0.000                0.000                0.000                0.000
    bypass_loop[1].BPS2/FA7 full_adder_83                 6               60.058                0.000                0.000               60.058                0.000                0.000                0.000                0.000                0.000
    bypass_loop[1].BPS2/FA8 full_adder_82                 6               60.058                0.000                0.000               60.058                0.000                0.000                0.000                0.000                0.000
  bypass_loop[2].BPS2     bypass8_6                    64              658.131               30.029                0.000              628.102                0.000                0.000                0.000                0.000                0.000
    bypass_loop[2].BPS2/FA1 full_adder_81                 7               63.811                3.754                0.000               60.058                0.000                0.000                0.000                0.000                0.000
    bypass_loop[2].BPS2/FA2 full_adder_80                 6               60.058                0.000                0.000               60.058                0.000                0.000                0.000                0.000                0.000
    bypass_loop[2].BPS2/FA3 full_adder_79                 5               62.560                0.000                0.000               62.560                0.000                0.000                0.000                0.000                0.000
    bypass_loop[2].BPS2/FA4 full_adder_78                 5               62.560                0.000                0.000               62.560                0.000                0.000                0.000                0.000                0.000
    bypass_loop[2].BPS2/FA5 full_adder_77                 5               62.560                0.000                0.000               62.560                0.000                0.000                0.000                0.000                0.000
    bypass_loop[2].BPS2/FA6 full_adder_76                 5               62.560                0.000                0.000               62.560                0.000                0.000                0.000                0.000                0.000
    bypass_loop[2].BPS2/FA7 full_adder_75                 5               62.560                0.000                0.000               62.560                0.000                0.000                0.000                0.000                0.000
    bypass_loop[2].BPS2/FA8 full_adder_74                 5               62.560                0.000                0.000               62.560                0.000                0.000                0.000                0.000                0.000
  bypass_loop[3].BPS2     bypass8_5                    77              733.203               16.266               18.768              698.170                0.000                0.000                0.000                0.000                0.000
    bypass_loop[3].BPS2/FA1 full_adder_73                 6               61.309                0.000                0.000               61.309                0.000                0.000                0.000                0.000                0.000
    bypass_loop[3].BPS2/FA2 full_adder_72                 6               61.309                0.000                0.000               61.309                0.000                0.000                0.000                0.000                0.000
    bypass_loop[3].BPS2/FA3 full_adder_71                 6               62.560                0.000                0.000               62.560                0.000                0.000                0.000                0.000                0.000
    bypass_loop[3].BPS2/FA4 full_adder_70                 6               62.560                0.000                0.000               62.560                0.000                0.000                0.000                0.000                0.000
    bypass_loop[3].BPS2/FA5 full_adder_69                 6               62.560                0.000                0.000               62.560                0.000                0.000                0.000                0.000                0.000
    bypass_loop[3].BPS2/FA6 full_adder_68                10               77.574                0.000                7.507               70.067                0.000                0.000                0.000                0.000                0.000
    bypass_loop[3].BPS2/FA7 full_adder_67                10              105.101                0.000                7.507               97.594                0.000                0.000                0.000                0.000                0.000
    bypass_loop[3].BPS2/FA8 full_adder_66                 9               85.082                0.000                3.754               81.328                0.000                0.000                0.000                0.000                0.000
