    Hinst Name                               Module Name                     Inst Count           Total Area
---------------------------------------------------------------------------------------------------------
carry_select_adder_66668_32bits                                                     457             3470.829
  CSA_BLOCKS[1].RCA_C0                       ripple_carry_adder_WIDTH6_5_235         40              279.018
    CSA_BLOCKS[1].RCA_C0/F1A                 full_adder_26_232                        4               22.522
    CSA_BLOCKS[1].RCA_C0/full_adder_loop[1].FA full_adder_218                           8               71.318
    CSA_BLOCKS[1].RCA_C0/full_adder_loop[2].FA full_adder_217                           8               57.555
    CSA_BLOCKS[1].RCA_C0/full_adder_loop[3].FA full_adder_216                           6               40.038
    CSA_BLOCKS[1].RCA_C0/full_adder_loop[4].FA full_adder_215                           6               40.038
    CSA_BLOCKS[1].RCA_C0/full_adder_loop[5].FA full_adder_214                           6               40.038
  CSA_BLOCKS[1].RCA_C1                       ripple_carry_adder_WIDTH6_6_237         40              310.298
    CSA_BLOCKS[1].RCA_C1/F1A                 full_adder_32_234                        4               30.029
    CSA_BLOCKS[1].RCA_C1/full_adder_loop[1].FA full_adder_213                           8               66.314
    CSA_BLOCKS[1].RCA_C1/full_adder_loop[2].FA full_adder_212                           7               53.802
    CSA_BLOCKS[1].RCA_C1/full_adder_loop[3].FA full_adder_211                           6               52.550
    CSA_BLOCKS[1].RCA_C1/full_adder_loop[4].FA full_adder_210                           6               52.550
    CSA_BLOCKS[1].RCA_C1/full_adder_loop[5].FA full_adder_209                           6               43.792
  CSA_BLOCKS[2].RCA_C0                       ripple_carry_adder_WIDTH6_5_236         36              285.274
    CSA_BLOCKS[2].RCA_C0/F1A                 full_adder_26                            2               15.014
    CSA_BLOCKS[2].RCA_C0/full_adder_loop[1].FA full_adder_208                           8               55.053
    CSA_BLOCKS[2].RCA_C0/full_adder_loop[2].FA full_adder_207                           8               57.555
    CSA_BLOCKS[2].RCA_C0/full_adder_loop[3].FA full_adder_206                           6               50.048
    CSA_BLOCKS[2].RCA_C0/full_adder_loop[4].FA full_adder_205                           6               53.802
    CSA_BLOCKS[2].RCA_C0/full_adder_loop[5].FA full_adder_204                           6               53.802
  CSA_BLOCKS[2].RCA_C1                       ripple_carry_adder_WIDTH6_6_238         36              227.718
    CSA_BLOCKS[2].RCA_C1/F1A                 full_adder_32                            2               12.512
    CSA_BLOCKS[2].RCA_C1/full_adder_loop[1].FA full_adder_203                           8               45.043
    CSA_BLOCKS[2].RCA_C1/full_adder_loop[2].FA full_adder_202                           8               45.043
    CSA_BLOCKS[2].RCA_C1/full_adder_loop[3].FA full_adder_201                           6               40.038
    CSA_BLOCKS[2].RCA_C1/full_adder_loop[4].FA full_adder_200                           6               40.038
    CSA_BLOCKS[2].RCA_C1/full_adder_loop[5].FA full_adder_199                           6               45.043
  CSA_BLOCKS[3].RCA_C0                       ripple_carry_adder_WIDTH6_5             38              250.240
    CSA_BLOCKS[3].RCA_C0/F1A                 full_adder_26_231                        4               26.275
    CSA_BLOCKS[3].RCA_C0/full_adder_loop[1].FA full_adder_198                           8               51.299
    CSA_BLOCKS[3].RCA_C0/full_adder_loop[2].FA full_adder_197                           8               47.546
    CSA_BLOCKS[3].RCA_C0/full_adder_loop[3].FA full_adder_196                           6               40.038
    CSA_BLOCKS[3].RCA_C0/full_adder_loop[4].FA full_adder_195                           6               45.043
    CSA_BLOCKS[3].RCA_C0/full_adder_loop[5].FA full_adder_194                           6               40.038
  CSA_BLOCKS[3].RCA_C1                       ripple_carry_adder_WIDTH6_6             37              231.472
    CSA_BLOCKS[3].RCA_C1/F1A                 full_adder_32_233                        4               22.522
    CSA_BLOCKS[3].RCA_C1/full_adder_loop[1].FA full_adder_193                           8               45.043
    CSA_BLOCKS[3].RCA_C1/full_adder_loop[2].FA full_adder_192                           6               40.038
    CSA_BLOCKS[3].RCA_C1/full_adder_loop[3].FA full_adder_191                           6               40.038
    CSA_BLOCKS[3].RCA_C1/full_adder_loop[4].FA full_adder_190                           6               40.038
    CSA_BLOCKS[3].RCA_C1/full_adder_loop[5].FA full_adder_189                           6               40.038
  CSA_BLOCKS[4].RCA_C0                       ripple_carry_adder_WIDTH8               44              316.554
    CSA_BLOCKS[4].RCA_C0/F1A                 full_adder_6                             3               22.522
    CSA_BLOCKS[4].RCA_C0/full_adder_loop[1].FA full_adder_225                           8               46.294
    CSA_BLOCKS[4].RCA_C0/full_adder_loop[2].FA full_adder_224                           6               43.792
    CSA_BLOCKS[4].RCA_C0/full_adder_loop[3].FA full_adder_223                           6               43.792
    CSA_BLOCKS[4].RCA_C0/full_adder_loop[4].FA full_adder_222                           6               43.792
    CSA_BLOCKS[4].RCA_C0/full_adder_loop[5].FA full_adder_221                           5               41.290
    CSA_BLOCKS[4].RCA_C0/full_adder_loop[6].FA full_adder_220                           6               35.034
    CSA_BLOCKS[4].RCA_C0/full_adder_loop[7].FA full_adder_219                           4               40.038
  CSA_BLOCKS[4].RCA_C1                       ripple_carry_adder_WIDTH8_1             46              299.037
    CSA_BLOCKS[4].RCA_C1/F1A                 full_adder_50                            3               18.768
    CSA_BLOCKS[4].RCA_C1/full_adder_loop[1].FA full_adder_188                           8               47.546
    CSA_BLOCKS[4].RCA_C1/full_adder_loop[2].FA full_adder_187                           6               40.038
    CSA_BLOCKS[4].RCA_C1/full_adder_loop[3].FA full_adder_186                           6               35.034
    CSA_BLOCKS[4].RCA_C1/full_adder_loop[4].FA full_adder_185                           6               40.038
    CSA_BLOCKS[4].RCA_C1/full_adder_loop[5].FA full_adder_184                           6               35.034
    CSA_BLOCKS[4].RCA_C1/full_adder_loop[6].FA full_adder_183                           6               40.038
    CSA_BLOCKS[4].RCA_C1/full_adder_loop[7].FA full_adder_182                           5               42.541
  RCA_LSB                                    ripple_carry_adder_WIDTH6               43              425.408
    RCA_LSB/F1A                              full_adder                               8               85.082
    RCA_LSB/full_adder_loop[1].FA            full_adder_230                           8               62.560
    RCA_LSB/full_adder_loop[2].FA            full_adder_229                           7               67.565
    RCA_LSB/full_adder_loop[3].FA            full_adder_228                           5               60.058
    RCA_LSB/full_adder_loop[4].FA            full_adder_227                           5               65.062
    RCA_LSB/full_adder_loop[5].FA            full_adder_226                           5               66.314
