Hinst Name                Module Name          Inst Count           Total Area               Buffer             Inverter        Combinational                 Flop                Latch           Clock Gate                Macro             Physical
---------------------------------------------------------------------------------------------------------------------------------------------------------------------------------------------------------------------------------------------------------------
carry_bypass8_32bits                                  573             4384.205               82.579               42.541             2541.187                0.000                0.000                0.000                0.000             1717.898
  BPS1                    bypass8                      71              674.397               18.768               35.034              620.595                0.000                0.000                0.000                0.000                0.000
    BPS1/FA1              full_adder                    5               87.584                0.000               16.266               71.318                0.000                0.000                0.000                0.000                0.000
    BPS1/FA2              full_adder_96                 8               62.560                0.000                7.507               55.053                0.000                0.000                0.000                0.000                0.000
    BPS1/FA3              full_adder_95                 8               65.062                0.000                7.507               57.555                0.000                0.000                0.000                0.000                0.000
    BPS1/FA4              full_adder_94                 6               60.058                0.000                0.000               60.058                0.000                0.000                0.000                0.000                0.000
    BPS1/FA5              full_adder_93                 6               60.058                0.000                0.000               60.058                0.000                0.000                0.000                0.000                0.000
    BPS1/FA6              full_adder_92                 6               60.058                0.000                0.000               60.058                0.000                0.000                0.000                0.000                0.000
    BPS1/FA7              full_adder_91                 6               60.058                0.000                0.000               60.058                0.000                0.000                0.000                0.000                0.000
    BPS1/FA8              full_adder_90                 6               60.058                0.000                0.000               60.058                0.000                0.000                0.000                0.000                0.000
  bypass_loop[1].BPS2     bypass8_7                    68              635.610               22.522                0.000              613.088                0.000                0.000                0.000                0.000                0.000
    bypass_loop[1].BPS2/FA1 full_adder_89                 7               63.811                3.754                0.000               60.058                0.000                0.000                0.000                0.000                0.000
    bypass_loop[1].BPS2/FA2 full_adder_88                 6               60.058                0.000                0.000               60.058                0.000                0.000                0.000                0.000                0.000
    bypass_loop[1].BPS2/FA3 full_adder_87                 6               60.058                0.000                0.000               60.058                0.000                0.000                0.000                0.000                0.000
    bypass_loop[1].BPS2/FA4 full_adder_86                 6               60.058                0.000                0.000               60.058                0.000                0.000                0.000                0.000                0.000
    bypass_loop[1].BPS2/FA5 full_adder_85                 6               60.058                0.000                0.000               60.058                0.000                0.000                0.000                0.000                0.000
    bypass_loop[1].BPS2/FA6 full_adder_84                 6               60.058                0.000                0.000               60.058                0.000                0.000                0.000                0.000                0.000
    bypass_loop[1].BPS2/FA7 full_adder_83                 6               60.058                0.000                0.000               60.058                0.000                0.000                0.000                0.000                0.000
    bypass_loop[1].BPS2/FA8 full_adder_82                 6               60.058                0.000                0.000               60.058                0.000                0.000                0.000                0.000                0.000
  bypass_loop[2].BPS2     bypass8_6                    63              654.378               26.275                0.000              628.102                0.000                0.000                0.000                0.000                0.000
    bypass_loop[2].BPS2/FA1 full_adder_81                 6               60.058                0.000                0.000               60.058                0.000                0.000                0.000                0.000                0.000
    bypass_loop[2].BPS2/FA2 full_adder_80                 6               60.058                0.000                0.000               60.058                0.000                0.000                0.000                0.000                0.000
    bypass_loop[2].BPS2/FA3 full_adder_79                 5               62.560                0.000                0.000               62.560                0.000                0.000                0.000                0.000                0.000
    bypass_loop[2].BPS2/FA4 full_adder_78                 5               62.560                0.000                0.000               62.560                0.000                0.000                0.000                0.000                0.000
    bypass_loop[2].BPS2/FA5 full_adder_77                 5               62.560                0.000                0.000               62.560                0.000                0.000                0.000                0.000                0.000
    bypass_loop[2].BPS2/FA6 full_adder_76                 5               62.560                0.000                0.000               62.560                0.000                0.000                0.000                0.000                0.000
    bypass_loop[2].BPS2/FA7 full_adder_75                 5               62.560                0.000                0.000               62.560                0.000                0.000                0.000                0.000                0.000
    bypass_loop[2].BPS2/FA8 full_adder_74                 5               62.560                0.000                0.000               62.560                0.000                0.000                0.000                0.000                0.000
  bypass_loop[3].BPS2     bypass8_5                    68              694.416                7.507                7.507              679.402                0.000                0.000                0.000                0.000                0.000
    bypass_loop[3].BPS2/FA1 full_adder_73                 6               61.309                0.000                0.000               61.309                0.000                0.000                0.000                0.000                0.000
    bypass_loop[3].BPS2/FA2 full_adder_72                 6               61.309                0.000                0.000               61.309                0.000                0.000                0.000                0.000                0.000
    bypass_loop[3].BPS2/FA3 full_adder_71                 6               61.309                0.000                0.000               61.309                0.000                0.000                0.000                0.000                0.000
    bypass_loop[3].BPS2/FA4 full_adder_70                 6               62.560                0.000                0.000               62.560                0.000                0.000                0.000                0.000                0.000
    bypass_loop[3].BPS2/FA5 full_adder_69                 6               62.560                0.000                0.000               62.560                0.000                0.000                0.000                0.000                0.000
    bypass_loop[3].BPS2/FA6 full_adder_68                 6               71.318                0.000                0.000               71.318                0.000                0.000                0.000                0.000                0.000
    bypass_loop[3].BPS2/FA7 full_adder_67                 7               82.579                0.000                3.754               78.826                0.000                0.000                0.000                0.000                0.000
    bypass_loop[3].BPS2/FA8 full_adder_66                 9               85.082                0.000                3.754               81.328                0.000                0.000                0.000                0.000                0.000
