Hinst Name                Module Name          Inst Count           Total Area               Buffer             Inverter        Combinational                 Flop                Latch           Clock Gate                Macro             Physical
---------------------------------------------------------------------------------------------------------------------------------------------------------------------------------------------------------------------------------------------------------------
carry_skip4_32bits                                    639             3661.011              110.106               63.811             2085.750                0.000                0.000                0.000                0.000             1401.344
  CSKIP1                  skip4                        37              312.800               11.261               21.270              280.269                0.000                0.000                0.000                0.000                0.000
    CSKIP1/FA1            full_adder                    6               78.826                0.000                8.758               70.067                0.000                0.000                0.000                0.000                0.000
    CSKIP1/FA2            full_adder_100                8               47.546                0.000                7.507               40.038                0.000                0.000                0.000                0.000                0.000
    CSKIP1/FA3            full_adder_99                 6               42.541                0.000                0.000               42.541                0.000                0.000                0.000                0.000                0.000
    CSKIP1/FA4            full_adder_98                 6               45.043                0.000                0.000               45.043                0.000                0.000                0.000                0.000                0.000
  skip_loop[1].CSKIP2     skip4_107                    34              232.723                7.507                3.754              221.462                0.000                0.000                0.000                0.000                0.000
    skip_loop[1].CSKIP2/FA1 full_adder_97                 6               42.541                0.000                0.000               42.541                0.000                0.000                0.000                0.000                0.000
    skip_loop[1].CSKIP2/FA2 full_adder_96                 6               42.541                0.000                0.000               42.541                0.000                0.000                0.000                0.000                0.000
    skip_loop[1].CSKIP2/FA3 full_adder_95                 6               42.541                0.000                0.000               42.541                0.000                0.000                0.000                0.000                0.000
    skip_loop[1].CSKIP2/FA4 full_adder_94                 6               42.541                0.000                0.000               42.541                0.000                0.000                0.000                0.000                0.000
  skip_loop[2].CSKIP2     skip4_106                    34              258.998                7.507                5.005              246.486                0.000                0.000                0.000                0.000                0.000
    skip_loop[2].CSKIP2/FA1 full_adder_93                 6               42.541                0.000                0.000               42.541                0.000                0.000                0.000                0.000                0.000
    skip_loop[2].CSKIP2/FA2 full_adder_92                 6               47.546                0.000                0.000               47.546                0.000                0.000                0.000                0.000                0.000
    skip_loop[2].CSKIP2/FA3 full_adder_91                 6               52.550                0.000                0.000               52.550                0.000                0.000                0.000                0.000                0.000
    skip_loop[2].CSKIP2/FA4 full_adder_90                 6               47.546                0.000                0.000               47.546                0.000                0.000                0.000                0.000                0.000
  skip_loop[3].CSKIP2     skip4_105                    35              242.733               11.261                5.005              226.467                0.000                0.000                0.000                0.000                0.000
    skip_loop[3].CSKIP2/FA1 full_adder_89                 7               46.294                3.754                0.000               42.541                0.000                0.000                0.000                0.000                0.000
    skip_loop[3].CSKIP2/FA2 full_adder_88                 6               42.541                0.000                0.000               42.541                0.000                0.000                0.000                0.000                0.000
    skip_loop[3].CSKIP2/FA3 full_adder_87                 6               42.541                0.000                0.000               42.541                0.000                0.000                0.000                0.000                0.000
    skip_loop[3].CSKIP2/FA4 full_adder_86                 6               42.541                0.000                0.000               42.541                0.000                0.000                0.000                0.000                0.000
  skip_loop[4].CSKIP2     skip4_104                    34              245.235                7.507                3.754              233.974                0.000                0.000                0.000                0.000                0.000
    skip_loop[4].CSKIP2/FA1 full_adder_85                 6               42.541                0.000                0.000               42.541                0.000                0.000                0.000                0.000                0.000
    skip_loop[4].CSKIP2/FA2 full_adder_84                 6               42.541                0.000                0.000               42.541                0.000                0.000                0.000                0.000                0.000
    skip_loop[4].CSKIP2/FA3 full_adder_83                 6               42.541                0.000                0.000               42.541                0.000                0.000                0.000                0.000                0.000
    skip_loop[4].CSKIP2/FA4 full_adder_82                 6               42.541                0.000                0.000               42.541                0.000                0.000                0.000                0.000                0.000
  skip_loop[5].CSKIP2     skip4_103                    32              262.752               15.014                3.754              243.984                0.000                0.000                0.000                0.000                0.000
    skip_loop[5].CSKIP2/FA1 full_adder_81                 6               48.797                3.754                0.000               45.043                0.000                0.000                0.000                0.000                0.000
    skip_loop[5].CSKIP2/FA2 full_adder_80                 5               47.546                0.000                0.000               47.546                0.000                0.000                0.000                0.000                0.000
    skip_loop[5].CSKIP2/FA3 full_adder_79                 5               47.546                0.000                0.000               47.546                0.000                0.000                0.000                0.000                0.000
    skip_loop[5].CSKIP2/FA4 full_adder_78                 5               47.546                0.000                0.000               47.546                0.000                0.000                0.000                0.000                0.000
  skip_loop[6].CSKIP2     skip4_102                    31              276.515               11.261                5.005              260.250                0.000                0.000                0.000                0.000                0.000
    skip_loop[6].CSKIP2/FA1 full_adder_77                 5               50.048                0.000                0.000               50.048                0.000                0.000                0.000                0.000                0.000
    skip_loop[6].CSKIP2/FA2 full_adder_76                 5               45.043                0.000                0.000               45.043                0.000                0.000                0.000                0.000                0.000
    skip_loop[6].CSKIP2/FA3 full_adder_75                 5               50.048                0.000                0.000               50.048                0.000                0.000                0.000                0.000                0.000
    skip_loop[6].CSKIP2/FA4 full_adder_74                 5               51.299                0.000                0.000               51.299                0.000                0.000                0.000                0.000                0.000
  skip_loop[7].CSKIP2     skip4_101                    40              394.128                5.005               16.266              372.858                0.000                0.000                0.000                0.000                0.000
    skip_loop[7].CSKIP2/FA1 full_adder_73                 5               60.058                0.000                0.000               60.058                0.000                0.000                0.000                0.000                0.000
    skip_loop[7].CSKIP2/FA2 full_adder_72                 8               70.067                0.000                0.000               70.067                0.000                0.000                0.000                0.000                0.000
    skip_loop[7].CSKIP2/FA3 full_adder_71                 9               93.840                0.000                3.754               90.086                0.000                0.000                0.000                0.000                0.000
    skip_loop[7].CSKIP2/FA4 full_adder_70                 9               91.338                0.000                3.754               87.584                0.000                0.000                0.000                0.000                0.000
