    Hinst Name            Module Name          Inst Count           Total Area
---------------------------------------------------------------------------
carry_skip4_32bits                                    302             2889.021
  CSKIP1                  skip4                        40              412.896
    CSKIP1/FA1            full_adder                    6               86.333
    CSKIP1/FA2            full_adder_100                8               62.560
    CSKIP1/FA3            full_adder_99                 8               65.062
    CSKIP1/FA4            full_adder_98                 8               65.062
  skip_loop[1].CSKIP2     skip4_107                    35              334.070
    skip_loop[1].CSKIP2/FA1 full_adder_97                 6               60.058
    skip_loop[1].CSKIP2/FA2 full_adder_96                 6               60.058
    skip_loop[1].CSKIP2/FA3 full_adder_95                 6               60.058
    skip_loop[1].CSKIP2/FA4 full_adder_94                 6               60.058
  skip_loop[2].CSKIP2     skip4_106                    34              306.544
    skip_loop[2].CSKIP2/FA1 full_adder_93                 6               60.058
    skip_loop[2].CSKIP2/FA2 full_adder_92                 6               60.058
    skip_loop[2].CSKIP2/FA3 full_adder_91                 6               60.058
    skip_loop[2].CSKIP2/FA4 full_adder_90                 6               50.048
  skip_loop[3].CSKIP2     skip4_105                    34              306.544
    skip_loop[3].CSKIP2/FA1 full_adder_89                 6               60.058
    skip_loop[3].CSKIP2/FA2 full_adder_88                 6               60.058
    skip_loop[3].CSKIP2/FA3 full_adder_87                 6               60.058
    skip_loop[3].CSKIP2/FA4 full_adder_86                 6               50.048
  skip_loop[4].CSKIP2     skip4_104                    32              330.317
    skip_loop[4].CSKIP2/FA1 full_adder_85                 6               60.058
    skip_loop[4].CSKIP2/FA2 full_adder_84                 5               62.560
    skip_loop[4].CSKIP2/FA3 full_adder_83                 5               62.560
    skip_loop[4].CSKIP2/FA4 full_adder_82                 5               57.555
  skip_loop[5].CSKIP2     skip4_103                    31              329.066
    skip_loop[5].CSKIP2/FA1 full_adder_81                 5               62.560
    skip_loop[5].CSKIP2/FA2 full_adder_80                 6               61.309
    skip_loop[5].CSKIP2/FA3 full_adder_79                 5               67.565
    skip_loop[5].CSKIP2/FA4 full_adder_78                 5               62.560
  skip_loop[6].CSKIP2     skip4_102                    38              356.592
    skip_loop[6].CSKIP2/FA1 full_adder_77                 6               62.560
    skip_loop[6].CSKIP2/FA2 full_adder_76                 6               71.318
    skip_loop[6].CSKIP2/FA3 full_adder_75                 6               71.318
    skip_loop[6].CSKIP2/FA4 full_adder_74                10               76.323
  skip_loop[7].CSKIP2     skip4_101                    52              490.470
    skip_loop[7].CSKIP2/FA1 full_adder_73                11               91.338
    skip_loop[7].CSKIP2/FA2 full_adder_72                10              103.850
    skip_loop[7].CSKIP2/FA3 full_adder_71                10              103.850
    skip_loop[7].CSKIP2/FA4 full_adder_70                 9              101.347
