    Hinst Name            Module Name          Inst Count           Total Area
---------------------------------------------------------------------------
ripple_carry_adder_16bits                             112             1103.558
  F1A                     full_adder                    6               48.797
  full_adder_loop[10].FA  full_adder_15_24              5               66.314
  full_adder_loop[11].FA  full_adder_15_25              5               66.314
  full_adder_loop[12].FA  full_adder_15_26              6               71.318
  full_adder_loop[13].FA  full_adder_15_27              6               71.318
  full_adder_loop[14].FA  full_adder_15_28              6               68.816
  full_adder_loop[15].FA  full_adder_15                10               90.086
  full_adder_loop[1].FA   full_adder_15_15              9               86.333
  full_adder_loop[2].FA   full_adder_15_16              8               65.062
  full_adder_loop[3].FA   full_adder_15_17              6               52.550
  full_adder_loop[4].FA   full_adder_15_18              6               60.058
  full_adder_loop[5].FA   full_adder_15_19              6               60.058
  full_adder_loop[6].FA   full_adder_15_20              6               60.058
  full_adder_loop[7].FA   full_adder_15_21              5               62.560
  full_adder_loop[8].FA   full_adder_15_22              5               62.560
  full_adder_loop[9].FA   full_adder_15_23              5               66.314
